../Core/Src/main.c:66:6:HAL_TIM_PeriodElapsedCallback	16	static
../Core/Src/main.c:83:6:HAL_GPIO_EXTI_Callback	16	static
../Core/Src/main.c:102:5:main	8	static
../Core/Src/main.c:154:6:SystemClock_Config	88	static
../Core/Src/main.c:196:13:MX_TIM1_Init	32	static
../Core/Src/main.c:242:13:MX_TIM2_Init	32	static
../Core/Src/main.c:287:13:MX_TIM3_Init	32	static
../Core/Src/main.c:332:13:MX_TIM4_Init	32	static
../Core/Src/main.c:377:13:MX_GPIO_Init	48	static
../Core/Src/main.c:421:6:Error_Handler	4	static,ignoring_inline_asm
